src/app/data/book-data.ts(3512,21): error TS1005: ':' expected.
src/app/data/book-data.ts(3512,26): error TS1005: ',' expected.
src/app/data/book-data.ts(3512,32): error TS1005: ',' expected.
src/app/data/book-data.ts(3512,33): error TS1109: Expression expected.
src/app/data/book-data.ts(3512,35): error TS1005: ':' expected.
src/app/data/book-data.ts(3896,136): error TS1002: Unterminated string literal.
src/app/data/book-data.ts(3897,3): error TS1005: ',' expected.
src/app/data/book-data.ts(4003,287): error TS1002: Unterminated string literal.
src/app/data/book-data.ts(4004,3): error TS1005: ',' expected.
src/app/data/book-data.ts(4340,2): error TS1005: ',' expected.
src/app/data/book-data.ts(7434,14): error TS1005: ':' expected.
src/app/data/book-data.ts(7434,19): error TS1005: ',' expected.
src/app/data/book-data.ts(7434,25): error TS1005: ',' expected.
src/app/data/book-data.ts(7434,26): error TS1109: Expression expected.
src/app/data/book-data.ts(7434,28): error TS1005: ':' expected.
src/app/data/book-data.ts(7472,1): error TS1005: ',' expected.
src/app/data/book-data.ts(7472,14): error TS1005: ':' expected.
src/app/data/book-data.ts(7472,21): error TS1005: ',' expected.
src/app/data/book-data.ts(7472,28): error TS1005: ',' expected.
src/app/data/book-data.ts(7472,29): error TS1109: Expression expected.
src/app/data/book-data.ts(7472,31): error TS1005: ':' expected.
src/app/data/book-data.ts(7585,1): error TS1005: ',' expected.
src/app/data/book-data.ts(7585,14): error TS1005: ':' expected.
src/app/data/book-data.ts(7585,26): error TS1005: ',' expected.
src/app/data/book-data.ts(7585,38): error TS1005: ',' expected.
src/app/data/book-data.ts(7585,39): error TS1109: Expression expected.
src/app/data/book-data.ts(7585,41): error TS1005: ':' expected.
src/app/data/book-data.ts(7610,2): error TS1005: ',' expected.
src/app/data/book-data.ts(7611,1): error TS1005: '}' expected.
