src/app/data/book-data.ts(3512,21): error TS1005: ':' expected.
src/app/data/book-data.ts(3512,26): error TS1005: ',' expected.
src/app/data/book-data.ts(3512,32): error TS1005: ',' expected.
src/app/data/book-data.ts(3512,33): error TS1109: Expression expected.
src/app/data/book-data.ts(3512,35): error TS1005: ':' expected.
src/app/data/book-data.ts(3896,136): error TS1002: Unterminated string literal.
src/app/data/book-data.ts(3897,3): error TS1005: ',' expected.
src/app/data/book-data.ts(4003,287): error TS1002: Unterminated string literal.
src/app/data/book-data.ts(4004,3): error TS1005: ',' expected.
src/app/data/book-data.ts(4340,2): error TS1005: ',' expected.
src/app/data/book-data.ts(4340,4): error TS1005: ',' expected.
src/app/data/book-data.ts(4340,10): error TS1005: ',' expected.
src/app/data/book-data.ts(4340,28): error TS1005: ',' expected.
src/app/data/book-data.ts(4340,37): error TS1005: ',' expected.
src/app/data/book-data.ts(4340,52): error TS1005: ',' expected.
src/app/data/book-data.ts(4340,70): error TS1127: Invalid character.
src/app/data/book-data.ts(4340,78): error TS1005: ',' expected.
src/app/data/book-data.ts(4340,84): error TS1005: ',' expected.
src/app/data/book-data.ts(4340,106): error TS1005: ',' expected.
src/app/data/book-data.ts(4340,112): error TS1005: ',' expected.
src/app/data/book-data.ts(4340,125): error TS1005: ',' expected.
src/app/data/book-data.ts(4340,132): error TS1005: ',' expected.
src/app/data/book-data.ts(4340,139): error TS1005: ',' expected.
src/app/data/book-data.ts(4340,146): error TS1005: ',' expected.
src/app/data/book-data.ts(4340,160): error TS1005: ',' expected.
src/app/data/book-data.ts(4340,166): error TS1005: ',' expected.
src/app/data/book-data.ts(4340,168): error TS1005: ',' expected.
src/app/data/book-data.ts(4340,172): error TS1005: ',' expected.
src/app/data/book-data.ts(4340,177): error TS1127: Invalid character.
src/app/data/book-data.ts(4340,179): error TS1127: Invalid character.
src/app/data/book-data.ts(4340,191): error TS1005: ',' expected.
src/app/data/book-data.ts(4340,195): error TS1005: ',' expected.
src/app/data/book-data.ts(4340,199): error TS1005: ',' expected.
src/app/data/book-data.ts(4340,207): error TS1005: ',' expected.
src/app/data/book-data.ts(4340,215): error TS1005: ',' expected.
src/app/data/book-data.ts(4340,217): error TS1005: ',' expected.
src/app/data/book-data.ts(4340,224): error TS1005: ',' expected.
src/app/data/book-data.ts(4340,231): error TS1005: ',' expected.
src/app/data/book-data.ts(4340,234): error TS1005: ':' expected.
src/app/data/book-data.ts(4340,240): error TS1127: Invalid character.
src/app/data/book-data.ts(4340,248): error TS1005: ',' expected.
src/app/data/book-data.ts(4340,256): error TS1005: ',' expected.
src/app/data/book-data.ts(4340,267): error TS1005: ',' expected.
src/app/data/book-data.ts(4340,275): error TS1127: Invalid character.
src/app/data/book-data.ts(4340,276): error TS1127: Invalid character.
src/app/data/book-data.ts(4340,278): error TS1127: Invalid character.
src/app/data/book-data.ts(4340,288): error TS1005: ',' expected.
src/app/data/book-data.ts(4340,292): error TS1005: ',' expected.
src/app/data/book-data.ts(4340,299): error TS1005: ',' expected.
src/app/data/book-data.ts(4340,306): error TS1005: ',' expected.
src/app/data/book-data.ts(4340,316): error TS1127: Invalid character.
src/app/data/book-data.ts(4340,323): error TS1005: ',' expected.
src/app/data/book-data.ts(4340,335): error TS1005: ',' expected.
src/app/data/book-data.ts(4340,337): error TS1005: ',' expected.
src/app/data/book-data.ts(4340,350): error TS1127: Invalid character.
src/app/data/book-data.ts(4340,365): error TS1005: ',' expected.
src/app/data/book-data.ts(4340,376): error TS1005: ',' expected.
src/app/data/book-data.ts(4340,379): error TS1005: ',' expected.
src/app/data/book-data.ts(4340,398): error TS1005: ',' expected.
src/app/data/book-data.ts(4340,404): error TS1005: ',' expected.
src/app/data/book-data.ts(4340,410): error TS1005: ',' expected.
src/app/data/book-data.ts(4340,414): error TS1005: ',' expected.
src/app/data/book-data.ts(4340,432): error TS1005: ',' expected.
src/app/data/book-data.ts(4340,438): error TS1005: ',' expected.
src/app/data/book-data.ts(4340,444): error TS1005: ',' expected.
src/app/data/book-data.ts(4340,454): error TS1005: ',' expected.
src/app/data/book-data.ts(4340,461): error TS1005: ',' expected.
src/app/data/book-data.ts(4340,464): error TS1005: ',' expected.
src/app/data/book-data.ts(4340,482): error TS1005: ',' expected.
src/app/data/book-data.ts(4340,486): error TS1005: ',' expected.
src/app/data/book-data.ts(4340,506): error TS1005: ',' expected.
src/app/data/book-data.ts(4340,513): error TS1005: ',' expected.
src/app/data/book-data.ts(4340,526): error TS1005: ',' expected.
src/app/data/book-data.ts(4340,532): error TS1005: ',' expected.
src/app/data/book-data.ts(4340,538): error TS1005: ',' expected.
src/app/data/book-data.ts(4340,554): error TS1005: ',' expected.
src/app/data/book-data.ts(4340,558): error TS1005: ',' expected.
src/app/data/book-data.ts(4340,571): error TS1005: ',' expected.
src/app/data/book-data.ts(4340,585): error TS1005: ',' expected.
src/app/data/book-data.ts(4340,589): error TS1005: ',' expected.
src/app/data/book-data.ts(4340,599): error TS1005: ',' expected.
src/app/data/book-data.ts(4340,601): error TS1005: ',' expected.
src/app/data/book-data.ts(4340,611): error TS1005: ',' expected.
src/app/data/book-data.ts(4340,620): error TS1005: ',' expected.
src/app/data/book-data.ts(4340,622): error TS1005: ',' expected.
src/app/data/book-data.ts(4340,633): error TS1005: ',' expected.
src/app/data/book-data.ts(4340,639): error TS1005: ',' expected.
src/app/data/book-data.ts(4340,645): error TS1005: ',' expected.
src/app/data/book-data.ts(4340,652): error TS1005: ',' expected.
src/app/data/book-data.ts(4340,656): error TS1005: ',' expected.
src/app/data/book-data.ts(4340,657): error TS1127: Invalid character.
src/app/data/book-data.ts(4340,659): error TS1127: Invalid character.
src/app/data/book-data.ts(4340,666): error TS1005: ',' expected.
src/app/data/book-data.ts(4340,676): error TS1005: ',' expected.
src/app/data/book-data.ts(4340,681): error TS1005: ',' expected.
src/app/data/book-data.ts(4340,688): error TS1005: ',' expected.
src/app/data/book-data.ts(4340,711): error TS1005: ',' expected.
src/app/data/book-data.ts(4340,717): error TS1005: ',' expected.
src/app/data/book-data.ts(4340,720): error TS1005: ',' expected.
src/app/data/book-data.ts(4340,729): error TS1005: ',' expected.
src/app/data/book-data.ts(4340,740): error TS1005: ',' expected.
src/app/data/book-data.ts(4340,744): error TS1005: ',' expected.
src/app/data/book-data.ts(4340,763): error TS1005: ',' expected.
src/app/data/book-data.ts(4340,774): error TS1005: ',' expected.
src/app/data/book-data.ts(4340,788): error TS1005: ',' expected.
src/app/data/book-data.ts(4340,794): error TS1005: ',' expected.
src/app/data/book-data.ts(4340,798): error TS1005: ',' expected.
src/app/data/book-data.ts(4340,810): error TS1005: ',' expected.
src/app/data/book-data.ts(4340,812): error TS1005: ',' expected.
src/app/data/book-data.ts(4340,824): error TS1005: ',' expected.
src/app/data/book-data.ts(4340,831): error TS1005: ',' expected.
src/app/data/book-data.ts(4340,843): error TS1005: ',' expected.
src/app/data/book-data.ts(4340,849): error TS1005: ',' expected.
src/app/data/book-data.ts(4340,855): error TS1005: ',' expected.
src/app/data/book-data.ts(4340,870): error TS1005: ',' expected.
src/app/data/book-data.ts(4340,871): error TS1127: Invalid character.
src/app/data/book-data.ts(4340,873): error TS1127: Invalid character.
src/app/data/book-data.ts(4340,897): error TS1005: ',' expected.
src/app/data/book-data.ts(4340,901): error TS1005: ',' expected.
src/app/data/book-data.ts(4340,920): error TS1005: ',' expected.
src/app/data/book-data.ts(4340,931): error TS1005: ',' expected.
src/app/data/book-data.ts(4340,934): error TS1005: ',' expected.
src/app/data/book-data.ts(4340,943): error TS1005: ',' expected.
src/app/data/book-data.ts(4340,952): error TS1005: ',' expected.
src/app/data/book-data.ts(4340,959): error TS1005: ',' expected.
src/app/data/book-data.ts(4340,966): error TS1005: ',' expected.
src/app/data/book-data.ts(4340,971): error TS1005: ',' expected.
src/app/data/book-data.ts(4340,979): error TS1005: ',' expected.
src/app/data/book-data.ts(4340,999): error TS1005: ',' expected.
src/app/data/book-data.ts(4340,1005): error TS1005: ',' expected.
src/app/data/book-data.ts(4340,1007): error TS1005: ',' expected.
src/app/data/book-data.ts(4340,1016): error TS1005: ',' expected.
src/app/data/book-data.ts(4340,1033): error TS1005: ',' expected.
src/app/data/book-data.ts(4340,1044): error TS1005: ',' expected.
src/app/data/book-data.ts(4340,1046): error TS1005: ',' expected.
src/app/data/book-data.ts(4340,1053): error TS1005: ',' expected.
src/app/data/book-data.ts(4340,1063): error TS1005: ',' expected.
src/app/data/book-data.ts(4340,1071): error TS1005: ',' expected.
src/app/data/book-data.ts(4340,1078): error TS1005: ',' expected.
src/app/data/book-data.ts(4340,1081): error TS1005: ',' expected.
src/app/data/book-data.ts(4340,1100): error TS1005: ',' expected.
src/app/data/book-data.ts(4340,1111): error TS1005: ',' expected.
src/app/data/book-data.ts(4340,1123): error TS1005: ',' expected.
src/app/data/book-data.ts(4340,1149): error TS1005: ',' expected.
src/app/data/book-data.ts(4340,1157): error TS1005: ',' expected.
src/app/data/book-data.ts(4340,1164): error TS1005: ',' expected.
src/app/data/book-data.ts(4340,1174): error TS1005: ',' expected.
src/app/data/book-data.ts(4340,1180): error TS1005: ',' expected.
src/app/data/book-data.ts(4340,1183): error TS1005: ',' expected.
src/app/data/book-data.ts(4340,1192): error TS1005: ',' expected.
src/app/data/book-data.ts(4340,1198): error TS1005: ',' expected.
src/app/data/book-data.ts(4340,1202): error TS1005: ',' expected.
src/app/data/book-data.ts(4340,1209): error TS1005: ',' expected.
src/app/data/book-data.ts(4340,1217): error TS1005: ',' expected.
src/app/data/book-data.ts(4340,1231): error TS1005: ',' expected.
src/app/data/book-data.ts(4340,1239): error TS1005: ',' expected.
src/app/data/book-data.ts(4340,1249): error TS1005: ',' expected.
src/app/data/book-data.ts(4340,1259): error TS1005: ',' expected.
src/app/data/book-data.ts(4340,1267): error TS1005: ',' expected.
src/app/data/book-data.ts(4340,1270): error TS1002: Unterminated string literal.
src/app/data/book-data.ts(4341,5): error TS1005: ',' expected.
src/app/data/book-data.ts(4341,14): error TS1005: ',' expected.
src/app/data/book-data.ts(4342,16): error TS1005: ',' expected.
src/app/data/book-data.ts(4343,16): error TS1005: ',' expected.
src/app/data/book-data.ts(4344,3): error TS1005: ',' expected.
src/app/data/book-data.ts(4425,2): error TS1005: ',' expected.
src/app/data/book-data.ts(4425,5): error TS1005: ',' expected.
src/app/data/book-data.ts(4425,7): error TS1002: Unterminated string literal.
src/app/data/book-data.ts(4427,9): error TS1128: Declaration or statement expected.
src/app/data/book-data.ts(4427,10): error TS1128: Declaration or statement expected.
src/app/data/book-data.ts(4428,24): error TS1005: ';' expected.
src/app/data/book-data.ts(4429,21): error TS1005: ';' expected.
src/app/data/book-data.ts(4430,21): error TS1005: ';' expected.
src/app/data/book-data.ts(4431,24): error TS1005: ';' expected.
src/app/data/book-data.ts(4432,24): error TS1005: ';' expected.
src/app/data/book-data.ts(4433,21): error TS1005: ';' expected.
src/app/data/book-data.ts(4434,7): error TS1128: Declaration or statement expected.
src/app/data/book-data.ts(4434,8): error TS1128: Declaration or statement expected.
src/app/data/book-data.ts(4436,13): error TS1005: ';' expected.
src/app/data/book-data.ts(4437,19): error TS1005: ';' expected.
src/app/data/book-data.ts(4438,21): error TS1005: ';' expected.
src/app/data/book-data.ts(4439,18): error TS1005: ';' expected.
src/app/data/book-data.ts(4445,20): error TS1005: ';' expected.
src/app/data/book-data.ts(4451,23): error TS1005: ';' expected.
src/app/data/book-data.ts(4452,22): error TS1005: ';' expected.
src/app/data/book-data.ts(4453,24): error TS1005: ';' expected.
src/app/data/book-data.ts(4454,20): error TS1005: ';' expected.
src/app/data/book-data.ts(4460,20): error TS1005: ';' expected.
src/app/data/book-data.ts(4466,20): error TS1005: ';' expected.
src/app/data/book-data.ts(4472,21): error TS1005: ';' expected.
src/app/data/book-data.ts(4473,24): error TS1005: ';' expected.
src/app/data/book-data.ts(4474,24): error TS1005: ';' expected.
src/app/data/book-data.ts(4475,21): error TS1005: ';' expected.
src/app/data/book-data.ts(4476,21): error TS1005: ';' expected.
src/app/data/book-data.ts(4477,24): error TS1005: ';' expected.
src/app/data/book-data.ts(4478,8): error TS1128: Declaration or statement expected.
src/app/data/book-data.ts(4480,13): error TS1005: ';' expected.
src/app/data/book-data.ts(4481,19): error TS1005: ';' expected.
src/app/data/book-data.ts(4482,21): error TS1005: ';' expected.
src/app/data/book-data.ts(4483,18): error TS1005: ';' expected.
src/app/data/book-data.ts(4489,20): error TS1005: ';' expected.
src/app/data/book-data.ts(4495,23): error TS1005: ';' expected.
src/app/data/book-data.ts(4496,22): error TS1005: ';' expected.
src/app/data/book-data.ts(4497,24): error TS1005: ';' expected.
src/app/data/book-data.ts(4498,20): error TS1005: ';' expected.
src/app/data/book-data.ts(4504,20): error TS1005: ';' expected.
src/app/data/book-data.ts(4510,20): error TS1005: ';' expected.
src/app/data/book-data.ts(4516,21): error TS1005: ';' expected.
src/app/data/book-data.ts(4517,24): error TS1005: ';' expected.
src/app/data/book-data.ts(4518,21): error TS1005: ';' expected.
src/app/data/book-data.ts(4519,24): error TS1005: ';' expected.
src/app/data/book-data.ts(4520,21): error TS1005: ';' expected.
src/app/data/book-data.ts(4521,24): error TS1005: ';' expected.
src/app/data/book-data.ts(4522,8): error TS1128: Declaration or statement expected.
src/app/data/book-data.ts(4524,13): error TS1005: ';' expected.
src/app/data/book-data.ts(4525,19): error TS1005: ';' expected.
src/app/data/book-data.ts(4526,21): error TS1005: ';' expected.
src/app/data/book-data.ts(4527,18): error TS1005: ';' expected.
src/app/data/book-data.ts(4533,20): error TS1005: ';' expected.
src/app/data/book-data.ts(4539,23): error TS1005: ';' expected.
src/app/data/book-data.ts(4540,22): error TS1005: ';' expected.
src/app/data/book-data.ts(4541,24): error TS1005: ';' expected.
src/app/data/book-data.ts(4542,20): error TS1005: ';' expected.
src/app/data/book-data.ts(4548,20): error TS1005: ';' expected.
src/app/data/book-data.ts(4554,20): error TS1005: ';' expected.
src/app/data/book-data.ts(4560,21): error TS1005: ';' expected.
src/app/data/book-data.ts(4561,24): error TS1005: ';' expected.
src/app/data/book-data.ts(4562,21): error TS1005: ';' expected.
src/app/data/book-data.ts(4563,24): error TS1005: ';' expected.
src/app/data/book-data.ts(4564,21): error TS1005: ';' expected.
src/app/data/book-data.ts(4565,24): error TS1005: ';' expected.
src/app/data/book-data.ts(4566,8): error TS1128: Declaration or statement expected.
src/app/data/book-data.ts(4568,13): error TS1005: ';' expected.
src/app/data/book-data.ts(4569,19): error TS1005: ';' expected.
src/app/data/book-data.ts(4570,21): error TS1005: ';' expected.
src/app/data/book-data.ts(4571,18): error TS1005: ';' expected.
src/app/data/book-data.ts(4577,20): error TS1005: ';' expected.
src/app/data/book-data.ts(4583,23): error TS1005: ';' expected.
src/app/data/book-data.ts(4584,22): error TS1005: ';' expected.
src/app/data/book-data.ts(4585,24): error TS1005: ';' expected.
src/app/data/book-data.ts(4586,20): error TS1005: ';' expected.
src/app/data/book-data.ts(4592,20): error TS1005: ';' expected.
src/app/data/book-data.ts(4598,20): error TS1005: ';' expected.
src/app/data/book-data.ts(4604,21): error TS1005: ';' expected.
src/app/data/book-data.ts(4605,21): error TS1005: ';' expected.
src/app/data/book-data.ts(4606,24): error TS1005: ';' expected.
src/app/data/book-data.ts(4607,24): error TS1005: ';' expected.
src/app/data/book-data.ts(4608,21): error TS1005: ';' expected.
src/app/data/book-data.ts(4609,24): error TS1005: ';' expected.
src/app/data/book-data.ts(4610,8): error TS1128: Declaration or statement expected.
src/app/data/book-data.ts(4612,13): error TS1005: ';' expected.
src/app/data/book-data.ts(4613,19): error TS1005: ';' expected.
src/app/data/book-data.ts(4614,21): error TS1005: ';' expected.
src/app/data/book-data.ts(4615,18): error TS1005: ';' expected.
src/app/data/book-data.ts(4621,20): error TS1005: ';' expected.
src/app/data/book-data.ts(4627,23): error TS1005: ';' expected.
src/app/data/book-data.ts(4628,22): error TS1005: ';' expected.
src/app/data/book-data.ts(4629,24): error TS1005: ';' expected.
src/app/data/book-data.ts(4630,20): error TS1005: ';' expected.
src/app/data/book-data.ts(4636,20): error TS1005: ';' expected.
src/app/data/book-data.ts(4642,20): error TS1005: ';' expected.
src/app/data/book-data.ts(4648,24): error TS1005: ';' expected.
src/app/data/book-data.ts(4649,24): error TS1005: ';' expected.
src/app/data/book-data.ts(4650,21): error TS1005: ';' expected.
src/app/data/book-data.ts(4651,21): error TS1005: ';' expected.
src/app/data/book-data.ts(4652,24): error TS1005: ';' expected.
src/app/data/book-data.ts(4653,21): error TS1005: ';' expected.
src/app/data/book-data.ts(4654,8): error TS1128: Declaration or statement expected.
src/app/data/book-data.ts(4656,13): error TS1005: ';' expected.
src/app/data/book-data.ts(4657,19): error TS1005: ';' expected.
src/app/data/book-data.ts(4658,21): error TS1005: ';' expected.
src/app/data/book-data.ts(4659,18): error TS1005: ';' expected.
src/app/data/book-data.ts(4665,20): error TS1005: ';' expected.
src/app/data/book-data.ts(4671,23): error TS1005: ';' expected.
src/app/data/book-data.ts(4672,22): error TS1005: ';' expected.
src/app/data/book-data.ts(4673,24): error TS1005: ';' expected.
src/app/data/book-data.ts(4674,20): error TS1005: ';' expected.
src/app/data/book-data.ts(4680,20): error TS1005: ';' expected.
src/app/data/book-data.ts(4686,20): error TS1005: ';' expected.
src/app/data/book-data.ts(4692,21): error TS1005: ';' expected.
src/app/data/book-data.ts(4693,24): error TS1005: ';' expected.
src/app/data/book-data.ts(4694,21): error TS1005: ';' expected.
src/app/data/book-data.ts(4695,24): error TS1005: ';' expected.
src/app/data/book-data.ts(4696,21): error TS1005: ';' expected.
src/app/data/book-data.ts(4697,24): error TS1005: ';' expected.
src/app/data/book-data.ts(4699,5): error TS1128: Declaration or statement expected.
src/app/data/book-data.ts(4699,6): error TS1128: Declaration or statement expected.
src/app/data/book-data.ts(4700,14): error TS1005: ';' expected.
src/app/data/book-data.ts(4701,14): error TS1005: ';' expected.
src/app/data/book-data.ts(4702,14): error TS1005: ';' expected.
src/app/data/book-data.ts(4703,3): error TS1128: Declaration or statement expected.
src/app/data/book-data.ts(4703,4): error TS1128: Declaration or statement expected.
src/app/data/book-data.ts(4705,9): error TS1005: ';' expected.
src/app/data/book-data.ts(4706,16): error TS1005: ';' expected.
src/app/data/book-data.ts(4707,12): error TS1005: ';' expected.
src/app/data/book-data.ts(4708,14): error TS1005: ';' expected.
src/app/data/book-data.ts(4709,16): error TS1005: ';' expected.
src/app/data/book-data.ts(5151,14): error TS1005: ';' expected.
src/app/data/book-data.ts(5152,14): error TS1005: ';' expected.
src/app/data/book-data.ts(5153,14): error TS1005: ';' expected.
src/app/data/book-data.ts(5154,4): error TS1128: Declaration or statement expected.
src/app/data/book-data.ts(5156,9): error TS1005: ';' expected.
src/app/data/book-data.ts(5157,16): error TS1005: ';' expected.
src/app/data/book-data.ts(5158,12): error TS1005: ';' expected.
src/app/data/book-data.ts(5159,14): error TS1005: ';' expected.
src/app/data/book-data.ts(5160,16): error TS1005: ';' expected.
src/app/data/book-data.ts(5602,14): error TS1005: ';' expected.
src/app/data/book-data.ts(5603,14): error TS1005: ';' expected.
src/app/data/book-data.ts(5604,14): error TS1005: ';' expected.
src/app/data/book-data.ts(5605,4): error TS1128: Declaration or statement expected.
src/app/data/book-data.ts(5607,9): error TS1005: ';' expected.
src/app/data/book-data.ts(5608,16): error TS1005: ';' expected.
src/app/data/book-data.ts(5609,12): error TS1005: ';' expected.
src/app/data/book-data.ts(5610,14): error TS1005: ';' expected.
src/app/data/book-data.ts(5611,16): error TS1005: ';' expected.
src/app/data/book-data.ts(6053,14): error TS1005: ';' expected.
src/app/data/book-data.ts(6054,14): error TS1005: ';' expected.
src/app/data/book-data.ts(6055,14): error TS1005: ';' expected.
src/app/data/book-data.ts(6056,4): error TS1128: Declaration or statement expected.
src/app/data/book-data.ts(6058,9): error TS1005: ';' expected.
src/app/data/book-data.ts(6059,16): error TS1005: ';' expected.
src/app/data/book-data.ts(6060,12): error TS1005: ';' expected.
src/app/data/book-data.ts(6061,14): error TS1005: ';' expected.
src/app/data/book-data.ts(6062,16): error TS1005: ';' expected.
src/app/data/book-data.ts(6504,14): error TS1005: ';' expected.
src/app/data/book-data.ts(6505,14): error TS1005: ';' expected.
src/app/data/book-data.ts(6506,14): error TS1005: ';' expected.
src/app/data/book-data.ts(6507,4): error TS1128: Declaration or statement expected.
src/app/data/book-data.ts(6509,9): error TS1005: ';' expected.
src/app/data/book-data.ts(6510,16): error TS1005: ';' expected.
src/app/data/book-data.ts(6511,12): error TS1005: ';' expected.
src/app/data/book-data.ts(6512,14): error TS1005: ';' expected.
src/app/data/book-data.ts(6513,16): error TS1005: ';' expected.
src/app/data/book-data.ts(6955,14): error TS1005: ';' expected.
src/app/data/book-data.ts(6956,14): error TS1005: ';' expected.
src/app/data/book-data.ts(6957,14): error TS1005: ';' expected.
src/app/data/book-data.ts(6958,4): error TS1128: Declaration or statement expected.
src/app/data/book-data.ts(6960,9): error TS1005: ';' expected.
src/app/data/book-data.ts(6961,16): error TS1005: ';' expected.
src/app/data/book-data.ts(6962,12): error TS1005: ';' expected.
src/app/data/book-data.ts(6963,14): error TS1005: ';' expected.
src/app/data/book-data.ts(6964,16): error TS1005: ';' expected.
src/app/data/book-data.ts(7406,14): error TS1005: ';' expected.
src/app/data/book-data.ts(7407,14): error TS1005: ';' expected.
src/app/data/book-data.ts(7408,14): error TS1005: ';' expected.
src/app/data/book-data.ts(7410,1): error TS1128: Declaration or statement expected.
